Java HotSpot(TM) 64-Bit Server VM (25.172-b11) for bsd-amd64 JRE (1.8.0_172-b11), built on Mar 28 2018 15:38:02 by "java_re" with gcc 4.2.1 (Based on Apple Inc. build 5658) (LLVM build 2336.11.00)
Memory: 4k page, physical 8388608k(152144k free)

/proc/meminfo:

CommandLine flags: -XX:InitialHeapSize=20971520 -XX:MaxHeapSize=20971520 -XX:MaxNewSize=10485760 -XX:NewSize=10485760 -XX:+PrintGC -XX:+PrintGCDetails -XX:+PrintGCTimeStamps -XX:+UseCompressedClassPointers -XX:+UseCompressedOops -XX:+UseParallelGC 
0.305: [GC (Allocation Failure) [PSYoungGen: 2050K->551K(9216K)] 10242K->8751K(19456K), 0.0008185 secs] [Times: user=0.00 sys=0.00, real=0.00 secs] 
0.306: [GC (Allocation Failure) [PSYoungGen: 551K->519K(9216K)] 8751K->8719K(19456K), 0.0006036 secs] [Times: user=0.00 sys=0.00, real=0.00 secs] 
0.307: [Full GC (Allocation Failure) [PSYoungGen: 519K->0K(9216K)] [ParOldGen: 8200K->8648K(10240K)] 8719K->8648K(19456K), [Metaspace: 3143K->3143K(1056768K)], 0.0038720 secs] [Times: user=0.01 sys=0.00, real=0.01 secs] 
0.311: [GC (Allocation Failure) [PSYoungGen: 0K->0K(9216K)] 8648K->8648K(19456K), 0.0003868 secs] [Times: user=0.00 sys=0.00, real=0.00 secs] 
0.311: [Full GC (Allocation Failure) [PSYoungGen: 0K->0K(9216K)] [ParOldGen: 8648K->8632K(10240K)] 8648K->8632K(19456K), [Metaspace: 3143K->3143K(1056768K)], 0.0031076 secs] [Times: user=0.01 sys=0.00, real=0.00 secs] 
Heap
 PSYoungGen      total 9216K, used 246K [0x00000007bf600000, 0x00000007c0000000, 0x00000007c0000000)
  eden space 8192K, 3% used [0x00000007bf600000,0x00000007bf63d890,0x00000007bfe00000)
  from space 1024K, 0% used [0x00000007bfe00000,0x00000007bfe00000,0x00000007bff00000)
  to   space 1024K, 0% used [0x00000007bff00000,0x00000007bff00000,0x00000007c0000000)
 ParOldGen       total 10240K, used 8632K [0x00000007bec00000, 0x00000007bf600000, 0x00000007bf600000)
  object space 10240K, 84% used [0x00000007bec00000,0x00000007bf46e1b0,0x00000007bf600000)
 Metaspace       used 3175K, capacity 4568K, committed 4864K, reserved 1056768K
  class space    used 341K, capacity 392K, committed 512K, reserved 1048576K
